Client initiates a connection to the Enclave app

Enclave app: successfully obtained the extended EPID group ID.
MSG0 body generated -
4 bytes:
{
0x0, 0x0, 0x0, 0x0 
}

Enclave app: sending msg0 to client.

Enclave app: sent msg0 to client.

Client verifies msg0/Extended GID, chooses to proceed

Enclave app: sgx_create_enclave success
Enclave app: Call enclave_init_ra success.
Enclave app: Starting to populate msg1/start DHKE
Enclave app: call sgx_ra_get_msg1 success.

MSG1 body generated -
68 bytes:
{
0xa8, 0x8a, 0x50, 0xc4, 0xeb, 0x51, 0x4c, 0x19, 
0x7e, 0xce, 0xdf, 0x45, 0x1d, 0xa9, 0xb7, 0x9a, 
0xb3, 0x48, 0x16, 0x5, 0x56, 0x41, 0xa7, 0x1e, 
0xbf, 0xae, 0xf0, 0xf4, 0xc1, 0x68, 0xe0, 0x75, 
0xc8, 0x17, 0xc5, 0xc1, 0xa1, 0x73, 0xa6, 0x68, 
0x75, 0x12, 0xdd, 0xe, 0xa7, 0xd9, 0xfe, 0xe2, 
0x50, 0xf5, 0x1f, 0x34, 0x30, 0x39, 0xc1, 0x87, 
0xe9, 0x9a, 0xf6, 0x12, 0xdf, 0xe6, 0x78, 0x16, 
0xb, 0x0, 0x0, 0x0 
}

Enclave app: Sending msg1 to client

Client: verifying message 1 and generating DHKE response/msg2

Enclave app: Sent MSG1 to client, received the following MSG2:
176 bytes:
{
0x2, 0x0, 0x0, 0xa8, 0x0, 0x0, 0x0, 0x0, 
0x6a, 0x83, 0xdc, 0x84, 0xd4, 0x4c, 0x8a, 0xbb, 
0x5e, 0x42, 0xaf, 0xee, 0x8d, 0xe9, 0xf4, 0x57, 
0x71, 0xfd, 0x73, 0x66, 0xd7, 0xfa, 0xad, 0xfa, 
0xf2, 0x17, 0x14, 0xdd, 0x5a, 0xb9, 0x9e, 0x97, 
0x79, 0xa7, 0x38, 0x72, 0xf2, 0xb8, 0xd6, 0xbe, 
0x18, 0x91, 0x7f, 0xf7, 0xb5, 0xd3, 0xe5, 0x64, 
0x9b, 0x12, 0x18, 0xaf, 0x39, 0x29, 0x6c, 0x24, 
0x19, 0x38, 0x29, 0xb, 0xc6, 0xac, 0xc, 0x62, 
0x53, 0x65, 0x72, 0x76, 0x69, 0x63, 0x65, 0x20, 
0x58, 0x0, 0x0, 0x0, 0x0, 0x0, 0x0, 0x0, 
0x1, 0x0, 0x1, 0x0, 0x6a, 0x83, 0xdc, 0x84, 
0xd4, 0x4c, 0x8a, 0xbb, 0x5e, 0x42, 0xaf, 0xee, 
0x8d, 0xe9, 0xf4, 0x57, 0x71, 0xfd, 0x73, 0x66, 
0xd7, 0xfa, 0xad, 0xfa, 0xf2, 0x17, 0x14, 0xdd, 
0x5a, 0xb9, 0x9e, 0x97, 0xf5, 0x73, 0xa4, 0x52, 
0x3d, 0xd5, 0xef, 0x40, 0xd3, 0x82, 0x62, 0x52, 
0x3d, 0x95, 0xd8, 0x9c, 0x9d, 0x25, 0xd9, 0xbd, 
0xee, 0x64, 0xc5, 0x93, 0x93, 0x82, 0x27, 0xa, 
0x88, 0x34, 0xe1, 0x40, 0xb7, 0x41, 0x49, 0xfd, 
0xee, 0x58, 0xde, 0x77, 0x21, 0x5d, 0x2c, 0x54, 
0xf2, 0x7e, 0x35, 0x33, 0x0, 0x0, 0x0, 0x0 
}

A more descriptive representation of MSG2:
RESPONSE TYPE:   0x2
RESPONSE STATUS: 0x0 0x0
RESPONSE BODY SIZE: 168
MSG2 gb - 64 bytes:
{
0x6a, 0x83, 0xdc, 0x84, 0xd4, 0x4c, 0x8a, 0xbb, 
0x5e, 0x42, 0xaf, 0xee, 0x8d, 0xe9, 0xf4, 0x57, 
0x71, 0xfd, 0x73, 0x66, 0xd7, 0xfa, 0xad, 0xfa, 
0xf2, 0x17, 0x14, 0xdd, 0x5a, 0xb9, 0x9e, 0x97, 
0x79, 0xa7, 0x38, 0x72, 0xf2, 0xb8, 0xd6, 0xbe, 
0x18, 0x91, 0x7f, 0xf7, 0xb5, 0xd3, 0xe5, 0x64, 
0x9b, 0x12, 0x18, 0xaf, 0x39, 0x29, 0x6c, 0x24, 
0x19, 0x38, 0x29, 0xb, 0xc6, 0xac, 0xc, 0x62 
}
MSG2 spid - 16 bytes:
{
0x53, 0x65, 0x72, 0x76, 0x69, 0x63, 0x65, 0x20, 
0x58, 0x0, 0x0, 0x0, 0x0, 0x0, 0x0, 0x0 
}
MSG2 quote_type : 1
MSG2 kdf_id : 1
MSG2 sign_gb_ga - 64 bytes:
{
0x6a, 0x83, 0xdc, 0x84, 0xd4, 0x4c, 0x8a, 0xbb, 
0x5e, 0x42, 0xaf, 0xee, 0x8d, 0xe9, 0xf4, 0x57, 
0x71, 0xfd, 0x73, 0x66, 0xd7, 0xfa, 0xad, 0xfa, 
0xf2, 0x17, 0x14, 0xdd, 0x5a, 0xb9, 0x9e, 0x97, 
0xf5, 0x73, 0xa4, 0x52, 0x3d, 0xd5, 0xef, 0x40, 
0xd3, 0x82, 0x62, 0x52, 0x3d, 0x95, 0xd8, 0x9c, 
0x9d, 0x25, 0xd9, 0xbd, 0xee, 0x64, 0xc5, 0x93, 
0x93, 0x82, 0x27, 0xa, 0x88, 0x34, 0xe1, 0x40 
}
MSG2 mac - 16 bytes:
{
0xb7, 0x41, 0x49, 0xfd, 0xee, 0x58, 0xde, 0x77, 
0x21, 0x5d, 0x2c, 0x54, 0xf2, 0x7e, 0x35, 0x33 
}
MSG2 sig_rl - 
( null )

Enclave app: Processed msg2 successfully and generated msg3 which contains the report of the enclave

MSG3 - 
1452 bytes:
{
0x95, 0xc7, 0x40, 0x5a, 0x13, 0x7b, 0x2d, 0xe, 
0x8d, 0xa3, 0x1b, 0x1, 0xab, 0xa5, 0x4d, 0x31, 
0xa8, 0x8a, 0x50, 0xc4, 0xeb, 0x51, 0x4c, 0x19, 
0x7e, 0xce, 0xdf, 0x45, 0x1d, 0xa9, 0xb7, 0x9a, 
0xb3, 0x48, 0x16, 0x5, 0x56, 0x41, 0xa7, 0x1e, 
0xbf, 0xae, 0xf0, 0xf4, 0xc1, 0x68, 0xe0, 0x75, 
0xc8, 0x17, 0xc5, 0xc1, 0xa1, 0x73, 0xa6, 0x68, 
0x75, 0x12, 0xdd, 0xe, 0xa7, 0xd9, 0xfe, 0xe2, 
0x50, 0xf5, 0x1f, 0x34, 0x30, 0x39, 0xc1, 0x87, 
0xe9, 0x9a, 0xf6, 0x12, 0xdf, 0xe6, 0x78, 0x16, 
0x0, 0x0, 0x0, 0x0, 0x0, 0x0, 0x0, 0x0, 
0x0, 0x0, 0x0, 0x0, 0x0, 0x0, 0x0, 0x0, 
0x0, 0x0, 0x0, 0x0, 0x0, 0x0, 0x0, 0x0, 
0x0, 0x0, 0x0, 0x0, 0x0, 0x0, 0x0, 0x0, 
0x0, 0x0, 0x0, 0x0, 0x0, 0x0, 0x0, 0x0, 
0x0, 0x0, 0x0, 0x0, 0x0, 0x0, 0x0, 0x0, 
0x0, 0x0, 0x0, 0x0, 0x0, 0x0, 0x0, 0x0, 
0x0, 0x0, 0x0, 0x0, 0x0, 0x0, 0x0, 0x0, 
0x0, 0x0, 0x0, 0x0, 0x0, 0x0, 0x0, 0x0, 
0x0, 0x0, 0x0, 0x0, 0x0, 0x0, 0x0, 0x0, 
0x0, 0x0, 0x0, 0x0, 0x0, 0x0, 0x0, 0x0, 
0x0, 0x0, 0x0, 0x0, 0x0, 0x0, 0x0, 0x0, 
0x0, 0x0, 0x0, 0x0, 0x0, 0x0, 0x0, 0x0, 
0x0, 0x0, 0x0, 0x0, 0x0, 0x0, 0x0, 0x0, 
0x0, 0x0, 0x0, 0x0, 0x0, 0x0, 0x0, 0x0, 
0x0, 0x0, 0x0, 0x0, 0x0, 0x0, 0x0, 0x0, 
0x0, 0x0, 0x0, 0x0, 0x0, 0x0, 0x0, 0x0, 
0x0, 0x0, 0x0, 0x0, 0x0, 0x0, 0x0, 0x0, 
0x0, 0x0, 0x0, 0x0, 0x0, 0x0, 0x0, 0x0, 
0x0, 0x0, 0x0, 0x0, 0x0, 0x0, 0x0, 0x0, 
0x0, 0x0, 0x0, 0x0, 0x0, 0x0, 0x0, 0x0, 
0x0, 0x0, 0x0, 0x0, 0x0, 0x0, 0x0, 0x0, 
0x0, 0x0, 0x0, 0x0, 0x0, 0x0, 0x0, 0x0, 
0x0, 0x0, 0x0, 0x0, 0x0, 0x0, 0x0, 0x0, 
0x0, 0x0, 0x0, 0x0, 0x0, 0x0, 0x0, 0x0, 
0x0, 0x0, 0x0, 0x0, 0x0, 0x0, 0x0, 0x0, 
0x0, 0x0, 0x0, 0x0, 0x0, 0x0, 0x0, 0x0, 
0x0, 0x0, 0x0, 0x0, 0x0, 0x0, 0x0, 0x0, 
0x0, 0x0, 0x0, 0x0, 0x0, 0x0, 0x0, 0x0, 
0x0, 0x0, 0x0, 0x0, 0x0, 0x0, 0x0, 0x0, 
0x0, 0x0, 0x0, 0x0, 0x0, 0x0, 0x0, 0x0, 
0x0, 0x0, 0x0, 0x0, 0x0, 0x0, 0x0, 0x0, 
0x2, 0x0, 0x1, 0x0, 0xb, 0x0, 0x0, 0x0, 
0xef, 0x0, 0xef, 0x0, 0xef, 0xef, 0xef, 0xef, 
0x53, 0x65, 0x72, 0x76, 0x69, 0x63, 0x65, 0x20, 
0x58, 0x0, 0x0, 0x0, 0x0, 0x0, 0x0, 0x0, 
0x0, 0x0, 0x0, 0x0, 0x0, 0x0, 0x0, 0x0, 
0x0, 0x0, 0x0, 0x0, 0x0, 0x0, 0x0, 0x0, 
0x48, 0x20, 0xf3, 0x37, 0x6a, 0xe6, 0xb2, 0xf2, 
0x3, 0x4d, 0x3b, 0x7a, 0x4b, 0x48, 0xa7, 0x78, 
0x0, 0x0, 0x0, 0x0, 0x0, 0x0, 0x0, 0x0, 
0x0, 0x0, 0x0, 0x0, 0x0, 0x0, 0x0, 0x0, 
0x0, 0x0, 0x0, 0x0, 0x0, 0x0, 0x0, 0x0, 
0x0, 0x0, 0x0, 0x0, 0x0, 0x0, 0x0, 0x0, 
0x7, 0x0, 0x0, 0x0, 0x0, 0x0, 0x0, 0x0, 
0x3, 0x0, 0x0, 0x0, 0x0, 0x0, 0x0, 0x0, 
0xe2, 0x87, 0x4, 0x46, 0x9e, 0x37, 0xcb, 0x36, 
0x28, 0x7b, 0x4e, 0xc4, 0x5b, 0xb0, 0x94, 0x1a, 
0x2f, 0xd8, 0xfd, 0xb6, 0x3e, 0x1a, 0x74, 0x50, 
0x5, 0x51, 0xaf, 0xd8, 0x4d, 0xe, 0xa6, 0x65, 
0x0, 0x0, 0x0, 0x0, 0x0, 0x0, 0x0, 0x0, 
0x0, 0x0, 0x0, 0x0, 0x0, 0x0, 0x0, 0x0, 
0x0, 0x0, 0x0, 0x0, 0x0, 0x0, 0x0, 0x0, 
0x0, 0x0, 0x0, 0x0, 0x0, 0x0, 0x0, 0x0, 
0x60, 0x27, 0x7a, 0xd2, 0xfd, 0xfc, 0x57, 0xe9, 
0x80, 0xe8, 0x76, 0xe7, 0xf8, 0x78, 0xac, 0x19, 
0x9, 0x88, 0xe, 0xa5, 0x38, 0x7, 0x95, 0xa7, 
0xe8, 0xea, 0x98, 0xb1, 0x57, 0x84, 0x1f, 0x85, 
0x0, 0x0, 0x0, 0x0, 0x0, 0x0, 0x0, 0x0, 
0x0, 0x0, 0x0, 0x0, 0x0, 0x0, 0x0, 0x0, 
0x0, 0x0, 0x0, 0x0, 0x0, 0x0, 0x0, 0x0, 
0x0, 0x0, 0x0, 0x0, 0x0, 0x0, 0x0, 0x0, 
0x0, 0x0, 0x0, 0x0, 0x0, 0x0, 0x0, 0x0, 
0x0, 0x0, 0x0, 0x0, 0x0, 0x0, 0x0, 0x0, 
0x0, 0x0, 0x0, 0x0, 0x0, 0x0, 0x0, 0x0, 
0x0, 0x0, 0x0, 0x0, 0x0, 0x0, 0x0, 0x0, 
0x0, 0x0, 0x0, 0x0, 0x0, 0x0, 0x0, 0x0, 
0x0, 0x0, 0x0, 0x0, 0x0, 0x0, 0x0, 0x0, 
0x0, 0x0, 0x0, 0x0, 0x0, 0x0, 0x0, 0x0, 
0x0, 0x0, 0x0, 0x0, 0x0, 0x0, 0x0, 0x0, 
0x0, 0x0, 0x0, 0x0, 0x0, 0x0, 0x0, 0x0, 
0x0, 0x0, 0x0, 0x0, 0x0, 0x0, 0x0, 0x0, 
0x0, 0x0, 0x0, 0x0, 0x0, 0x0, 0x0, 0x0, 
0x0, 0x0, 0x0, 0x0, 0x0, 0x0, 0x0, 0x0, 
0x0, 0x0, 0x0, 0x0, 0x0, 0x0, 0x0, 0x0, 
0x0, 0x0, 0x0, 0x0, 0x0, 0x0, 0x0, 0x0, 
0x0, 0x0, 0x0, 0x0, 0x0, 0x0, 0x0, 0x0, 
0x0, 0x0, 0x0, 0x0, 0x0, 0x0, 0x0, 0x0, 
0x7f, 0xbf, 0xbc, 0x28, 0xaa, 0x8, 0xa0, 0x84, 
0xac, 0x57, 0x3e, 0xf8, 0x44, 0x9c, 0xe8, 0xe5, 
0x2f, 0x56, 0xed, 0x72, 0x58, 0x2e, 0xea, 0x3d, 
0xaf, 0xe, 0x7d, 0x54, 0x21, 0x82, 0x77, 0x92, 
0x0, 0x0, 0x0, 0x0, 0x0, 0x0, 0x0, 0x0, 
0x0, 0x0, 0x0, 0x0, 0x0, 0x0, 0x0, 0x0, 
0x0, 0x0, 0x0, 0x0, 0x0, 0x0, 0x0, 0x0, 
0x0, 0x0, 0x0, 0x0, 0x0, 0x0, 0x0, 0x0, 
0xa8, 0x2, 0x0, 0x0, 0xee, 0xee, 0xee, 0xee, 
0xee, 0xee, 0xee, 0xee, 0xee, 0xee, 0xee, 0xee, 
0xee, 0xee, 0xee, 0xee, 0xee, 0xee, 0xee, 0xee, 
0xee, 0xee, 0xee, 0xee, 0xee, 0xee, 0xee, 0xee, 
0xee, 0xee, 0xee, 0xee, 0xee, 0xee, 0xee, 0xee, 
0xee, 0xee, 0xee, 0xee, 0xee, 0xee, 0xee, 0xee, 
0xee, 0xee, 0xee, 0xee, 0xee, 0xee, 0xee, 0xee, 
0xee, 0xee, 0xee, 0xee, 0xee, 0xee, 0xee, 0xee, 
0xee, 0xee, 0xee, 0xee, 0xee, 0xee, 0xee, 0xee, 
0xee, 0xee, 0xee, 0xee, 0xee, 0xee, 0xee, 0xee, 
0xee, 0xee, 0xee, 0xee, 0xee, 0xee, 0xee, 0xee, 
0xee, 0xee, 0xee, 0xee, 0xee, 0xee, 0xee, 0xee, 
0xee, 0xee, 0xee, 0xee, 0xee, 0xee, 0xee, 0xee, 
0xee, 0xee, 0xee, 0xee, 0xee, 0xee, 0xee, 0xee, 
0xee, 0xee, 0xee, 0xee, 0xee, 0xee, 0xee, 0xee, 
0xee, 0xee, 0xee, 0xee, 0xee, 0xee, 0xee, 0xee, 
0xee, 0xee, 0xee, 0xee, 0xee, 0xee, 0xee, 0xee, 
0xee, 0xee, 0xee, 0xee, 0xee, 0xee, 0xee, 0xee, 
0xee, 0xee, 0xee, 0xee, 0xee, 0xee, 0xee, 0xee, 
0xee, 0xee, 0xee, 0xee, 0xee, 0xee, 0xee, 0xee, 
0xee, 0xee, 0xee, 0xee, 0xee, 0xee, 0xee, 0xee, 
0xee, 0xee, 0xee, 0xee, 0xee, 0xee, 0xee, 0xee, 
0xee, 0xee, 0xee, 0xee, 0xee, 0xee, 0xee, 0xee, 
0xee, 0xee, 0xee, 0xee, 0xee, 0xee, 0xee, 0xee, 
0xee, 0xee, 0xee, 0xee, 0xee, 0xee, 0xee, 0xee, 
0xee, 0xee, 0xee, 0xee, 0xee, 0xee, 0xee, 0xee, 
0xee, 0xee, 0xee, 0xee, 0xee, 0xee, 0xee, 0xee, 
0xee, 0xee, 0xee, 0xee, 0xee, 0xee, 0xee, 0xee, 
0xee, 0xee, 0xee, 0xee, 0xee, 0xee, 0xee, 0xee, 
0xee, 0xee, 0xee, 0xee, 0xee, 0xee, 0xee, 0xee, 
0xee, 0xee, 0xee, 0xee, 0xee, 0xee, 0xee, 0xee, 
0xee, 0xee, 0xee, 0xee, 0xee, 0xee, 0xee, 0xee, 
0xee, 0xee, 0xee, 0xee, 0xee, 0xee, 0xee, 0xee, 
0xee, 0xee, 0xee, 0xee, 0xee, 0xee, 0xee, 0xee, 
0xee, 0xee, 0xee, 0xee, 0xee, 0xee, 0xee, 0xee, 
0xee, 0xee, 0xee, 0xee, 0xee, 0xee, 0xee, 0xee, 
0xee, 0xee, 0xee, 0xee, 0xbe, 0x94, 0x3d, 0xe8, 
0xa9, 0xe9, 0x3d, 0x1f, 0x37, 0x97, 0x46, 0xd0, 
0x68, 0x1, 0x0, 0x0, 0xee, 0xee, 0xee, 0xee, 
0xee, 0xee, 0xee, 0xee, 0xee, 0xee, 0xee, 0xee, 
0xee, 0xee, 0xee, 0xee, 0xee, 0xee, 0xee, 0xee, 
0xee, 0xee, 0xee, 0xee, 0xee, 0xee, 0xee, 0xee, 
0xee, 0xee, 0xee, 0xee, 0xee, 0xee, 0xee, 0xee, 
0xee, 0xee, 0xee, 0xee, 0xee, 0xee, 0xee, 0xee, 
0xee, 0xee, 0xee, 0xee, 0xee, 0xee, 0xee, 0xee, 
0xee, 0xee, 0xee, 0xee, 0xee, 0xee, 0xee, 0xee, 
0xee, 0xee, 0xee, 0xee, 0xee, 0xee, 0xee, 0xee, 
0xee, 0xee, 0xee, 0xee, 0xee, 0xee, 0xee, 0xee, 
0xee, 0xee, 0xee, 0xee, 0xee, 0xee, 0xee, 0xee, 
0xee, 0xee, 0xee, 0xee, 0xee, 0xee, 0xee, 0xee, 
0xee, 0xee, 0xee, 0xee, 0xee, 0xee, 0xee, 0xee, 
0xee, 0xee, 0xee, 0xee, 0xee, 0xee, 0xee, 0xee, 
0xee, 0xee, 0xee, 0xee, 0xee, 0xee, 0xee, 0xee, 
0xee, 0xee, 0xee, 0xee, 0xee, 0xee, 0xee, 0xee, 
0xee, 0xee, 0xee, 0xee, 0xee, 0xee, 0xee, 0xee, 
0xee, 0xee, 0xee, 0xee, 0xee, 0xee, 0xee, 0xee, 
0xee, 0xee, 0xee, 0xee, 0xee, 0xee, 0xee, 0xee, 
0xee, 0xee, 0xee, 0xee, 0xee, 0xee, 0xee, 0xee, 
0xee, 0xee, 0xee, 0xee, 0xee, 0xee, 0xee, 0xee, 
0xee, 0xee, 0xee, 0xee, 0xee, 0xee, 0xee, 0xee, 
0xee, 0xee, 0xee, 0xee, 0xee, 0xee, 0xee, 0xee, 
0xee, 0xee, 0xee, 0xee, 0xee, 0xee, 0xee, 0xee, 
0xee, 0xee, 0xee, 0xee, 0xee, 0xee, 0xee, 0xee, 
0xee, 0xee, 0xee, 0xee, 0xee, 0xee, 0xee, 0xee, 
0xee, 0xee, 0xee, 0xee, 0xee, 0xee, 0xee, 0xee, 
0xee, 0xee, 0xee, 0xee, 0xee, 0xee, 0xee, 0xee, 
0xee, 0xee, 0xee, 0xee, 0xee, 0xee, 0xee, 0xee, 
0xee, 0xee, 0xee, 0xee, 0xee, 0xee, 0xee, 0xee, 
0xee, 0xee, 0xee, 0xee, 0xee, 0xee, 0xee, 0xee, 
0xee, 0xee, 0xee, 0xee, 0xee, 0xee, 0xee, 0xee, 
0xee, 0xee, 0xee, 0xee, 0xee, 0xee, 0xee, 0xee, 
0xee, 0xee, 0xee, 0xee, 0xee, 0xee, 0xee, 0xee, 
0xee, 0xee, 0xee, 0xee, 0xee, 0xee, 0xee, 0xee, 
0xee, 0xee, 0xee, 0xee, 0xee, 0xee, 0xee, 0xee, 
0xee, 0xee, 0xee, 0xee, 0xee, 0xee, 0xee, 0xee, 
0xee, 0xee, 0xee, 0xee, 0xee, 0xee, 0xee, 0xee, 
0xee, 0xee, 0xee, 0xee, 0xee, 0xee, 0xee, 0xee, 
0xee, 0xee, 0xee, 0xee, 0xee, 0xee, 0xee, 0xee, 
0xee, 0xee, 0xee, 0xee, 0xee, 0xee, 0xee, 0xee, 
0xee, 0xee, 0xee, 0xee, 0xee, 0xee, 0xee, 0xee, 
0xee, 0xee, 0xee, 0xee, 0xee, 0xee, 0xee, 0xee, 
0xee, 0xee, 0xee, 0xee, 0xee, 0xee, 0xee, 0xee, 
0xee, 0xee, 0xee, 0xee, 0xee, 0xee, 0xee, 0xee, 
0xee, 0xee, 0xee, 0xee, 0xe, 0x74, 0x11, 0xd1, 
0x39, 0x66, 0x72, 0x2c, 0xc6, 0xe6, 0xf3, 0xc4, 
0xa3, 0x12, 0x7, 0x3b 
}

Client: verifying signature of quote and contents of the enclave


Client: received msg3, here are some of its contents:

	Attestation Report:
	id: 0x12345678.
	status: 0.
	revocation_reason: 0.
	pse_status: 0.

	Enclave Report:
	Signature Type: 0x1
	Signature Basename: Service X
	attributes.flags: 0x7
	attributes.xfrm: 0x3
	mr_enclave: e28704469e37cb36287b4ec45bb0941a2fd8fdb63e1a74500551afd84d0ea665
	mr_signer: 60277ad2fdfc57e980e876e7f878ac1909880ea5380795a7e8ea98b157841f85
	isv_prod_id: 0x0
	isv_svn: 0x0

Client: expected enclave measurement:
e28704469e37cb36287b4ec45bb0941a2fd8fdb63e1a74500551afd84d0ea665
Client: enclave measurement matches the expected value

Enclave app: received an attestation result message back from the client
.
ATTESTATION RESULT RECEIVED - 145 bytes:
{
0x0, 0x0, 0x0, 0x0, 0x0, 0x0, 0x0, 0x0, 
0x0, 0x0, 0x0, 0x0, 0x0, 0x0, 0x0, 0x0, 
0x0, 0x0, 0x0, 0x0, 0x0, 0x0, 0x0, 0x0, 
0x0, 0x0, 0x0, 0x0, 0x0, 0x0, 0x0, 0x0, 
0x0, 0x97, 0x9e, 0xb9, 0x5a, 0xdd, 0x14, 0x17, 
0xf2, 0xfa, 0xad, 0xfa, 0xd7, 0x66, 0x73, 0xfd, 
0x71, 0x57, 0xf4, 0xe9, 0x8d, 0xee, 0xaf, 0x42, 
0x5e, 0xbb, 0x8a, 0x4c, 0xd4, 0x84, 0xdc, 0x83, 
0x6a, 0x8, 0x70, 0xd, 0xf2, 0x42, 0x8b, 0x2b, 
0xee, 0x42, 0xb0, 0x85, 0xe5, 0xbf, 0x99, 0xc5, 
0x22, 0xf8, 0x37, 0xf7, 0xee, 0xb6, 0x2c, 0xd5, 
0x8c, 0x37, 0xa2, 0xd2, 0x51, 0xed, 0x45, 0xf9, 
0x65, 0xc1, 0xdc, 0x84, 0x2a, 0xa4, 0xd3, 0x66, 
0x16, 0x5d, 0xb8, 0x7f, 0x50, 0xf8, 0xf8, 0xce, 
0x4e, 0x8, 0x0, 0x0, 0x0, 0x0, 0x0, 0x0, 
0x0, 0x0, 0x0, 0x0, 0x0, 0x0, 0x0, 0x0, 
0x0, 0x3e, 0xf5, 0xf8, 0x5d, 0xfc, 0xb, 0x3, 
0xf2, 0xd7, 0x39, 0xe5, 0x8a, 0x92, 0x2a, 0xd7, 
0x9d 
}

Enclave app: Shared secret successfully received from client.
Enclave app: Remote attestation success!

Enclave app: WAVE demo code starting
Client: Received request for the cipher from the enclave application
Client: Encrypting "hello sgx world"
Enclave app: Received the cipher in the Enclave app
Enclave: Inside enclave to decrypt the message
Enclave: Decrypted string in the enclave:

hello sgx world

Enclave app: Call enclave_ra_close success.
Enter a character before exit ...
